// Jest Snapshot v1, https://goo.gl/fbAQLP

exports[`CreateEmployee.vue renders create employee page 1`] = `<employee-form-stub employee="[object Object]" actionlink="/api/v1/employees"></employee-form-stub>`;
